src/features/admin/AdminShell.tsx(1,8): error TS1259: Module '"C:/ROBOT_MED/frontend/node_modules/@types/react/index"' can only be default-imported using the 'esModuleInterop' flag
src/features/admin/AdminShell.tsx(15,8): error TS2307: Cannot find module '@/adminExtras' or its corresponding type declarations.
src/features/admin/AdminShell.tsx(16,31): error TS2307: Cannot find module '@/features/admin/views/DashboardView' or its corresponding type declarations.
src/features/admin/AdminShell.tsx(17,30): error TS2307: Cannot find module '@/features/admin/views/PharmacyView' or its corresponding type declarations.
src/features/admin/AdminShell.tsx(18,27): error TS2307: Cannot find module '@/features/admin/views/RoomsView' or its corresponding type declarations.
src/features/admin/AdminShell.tsx(19,26): error TS2307: Cannot find module '@/shared/context/ThemeContext' or its corresponding type declarations.
src/features/admin/AdminShell.tsx(20,29): error TS2307: Cannot find module '@/shared/components/PhotoUpload' or its corresponding type declarations.
src/features/admin/AdminShell.tsx(21,28): error TS2307: Cannot find module '@/shared/components/EmergencyPanel' or its corresponding type declarations.
src/features/admin/AdminShell.tsx(469,18): error TS2802: Type 'Set<string>' can only be iterated through when using the '--downlevelIteration' flag or with a '--target' of 'es2015' or higher.
src/features/admin/AdminShell.tsx(470,22): error TS2322: Type '{ key: any; text: any; color: string; }' is not assignable to type '{ text: string; color?: string; }'.
  Property 'key' does not exist on type '{ text: string; color?: string; }'.
src/features/admin/AdminShell.tsx(1054,38): error TS2322: Type '{ key: string; text: string; color: string; }' is not assignable to type '{ text: string; color?: string; }'.
  Property 'key' does not exist on type '{ text: string; color?: string; }'.
src/features/admin/AdminShell.tsx(1064,38): error TS2322: Type '{ key: string; text: string; color: string; }' is not assignable to type '{ text: string; color?: string; }'.
  Property 'key' does not exist on type '{ text: string; color?: string; }'.
src/features/admin/AdminShell.tsx(1076,36): error TS2322: Type '{ key: string; text: string; color: string; }' is not assignable to type '{ text: string; color?: string; }'.
  Property 'key' does not exist on type '{ text: string; color?: string; }'.
src/features/admin/AdminShell.tsx(1201,12): error TS2741: Property 'children' is missing in type '{ title: string; onClose: () => void; width: string; }' but required in type 'ModalProps'.
src/features/admin/AdminShell.tsx(1206,20): error TS2741: Property 'children' is missing in type '{ label: string; required: true; }' but required in type 'FieldProps'.
src/features/admin/AdminShell.tsx(1207,20): error TS2741: Property 'children' is missing in type '{ label: string; required: true; }' but required in type 'FieldProps'.
src/features/admin/AdminShell.tsx(1208,20): error TS2741: Property 'children' is missing in type '{ label: string; required: true; }' but required in type 'FieldProps'.
src/features/admin/AdminShell.tsx(1218,20): error TS2741: Property 'children' is missing in type '{ label: string; }' but required in type 'FieldProps'.
src/features/admin/AdminShell.tsx(1240,20): error TS2741: Property 'children' is missing in type '{ label: string; }' but required in type 'FieldProps'.
src/features/admin/AdminShell.tsx(1246,20): error TS2741: Property 'children' is missing in type '{ label: string; }' but required in type 'FieldProps'.
src/features/admin/AdminShell.tsx(1247,20): error TS2741: Property 'children' is missing in type '{ label: string; }' but required in type 'FieldProps'.
src/features/admin/AdminShell.tsx(1249,18): error TS2741: Property 'children' is missing in type '{ label: string; required: true; }' but required in type 'FieldProps'.
src/features/admin/AdminShell.tsx(1289,18): error TS2741: Property 'children' is missing in type '{ label: string; }' but required in type 'FieldProps'.
src/features/admin/AdminShell.tsx(1290,18): error TS2741: Property 'children' is missing in type '{ label: string; }' but required in type 'FieldProps'.
src/features/admin/AdminShell.tsx(1291,18): error TS2741: Property 'children' is missing in type '{ label: string; }' but required in type 'FieldProps'.
src/features/admin/AdminShell.tsx(1295,18): error TS2741: Property 'children' is missing in type '{ label: string; }' but required in type 'FieldProps'.
src/features/admin/AdminShell.tsx(1303,18): error TS2741: Property 'children' is missing in type '{ label: string; }' but required in type 'FieldProps'.
src/features/admin/AdminShell.tsx(1315,20): error TS2741: Property 'children' is missing in type '{ label: string; }' but required in type 'FieldProps'.
src/features/admin/AdminShell.tsx(1316,20): error TS2741: Property 'children' is missing in type '{ label: string; }' but required in type 'FieldProps'.
src/features/admin/AdminShell.tsx(1317,20): error TS2741: Property 'children' is missing in type '{ label: string; }' but required in type 'FieldProps'.
src/features/admin/AdminShell.tsx(1330,20): error TS2741: Property 'children' is missing in type '{ label: string; }' but required in type 'FieldProps'.
src/features/admin/AdminShell.tsx(1335,18): error TS2741: Property 'children' is missing in type '{ label: string; }' but required in type 'FieldProps'.
src/features/admin/AdminShell.tsx(1363,12): error TS2741: Property 'children' is missing in type '{ title: string; onClose: () => void; width: string; }' but required in type 'ModalProps'.
src/features/admin/AdminShell.tsx(1365,16): error TS2741: Property 'children' is missing in type '{ label: string; required: true; }' but required in type 'FieldProps'.
src/features/admin/AdminShell.tsx(1368,16): error TS2741: Property 'children' is missing in type '{ label: string; }' but required in type 'FieldProps'.
src/features/admin/AdminShell.tsx(1371,16): error TS2741: Property 'children' is missing in type '{ label: string; }' but required in type 'FieldProps'.
src/features/admin/AdminShell.tsx(1374,16): error TS2741: Property 'children' is missing in type '{ label: string; }' but required in type 'FieldProps'.
src/features/admin/AdminShell.tsx(1385,18): error TS2741: Property 'children' is missing in type '{ label: string; }' but required in type 'FieldProps'.
src/features/admin/AdminShell.tsx(1386,18): error TS2741: Property 'children' is missing in type '{ label: string; }' but required in type 'FieldProps'.
src/features/admin/AdminShell.tsx(1388,16): error TS2741: Property 'children' is missing in type '{ label: string; }' but required in type 'FieldProps'.
src/features/admin/AdminShell.tsx(1396,16): error TS2741: Property 'children' is missing in type '{ label: string; }' but required in type 'FieldProps'.
src/features/admin/AdminShell.tsx(1515,12): error TS2741: Property 'children' is missing in type '{ title: string; onClose: () => void; }' but required in type 'ModalProps'.
src/features/admin/AdminShell.tsx(1517,16): error TS2741: Property 'children' is missing in type '{ label: string; required: true; }' but required in type 'FieldProps'.
src/features/admin/AdminShell.tsx(1518,16): error TS2741: Property 'children' is missing in type '{ label: string; }' but required in type 'FieldProps'.
src/features/admin/AdminShell.tsx(1519,16): error TS2741: Property 'children' is missing in type '{ label: string; required: true; }' but required in type 'FieldProps'.
src/features/admin/AdminShell.tsx(1522,20): error TS2741: Property 'children' is missing in type '{ label: string; required: true; }' but required in type 'FieldProps'.
src/features/admin/AdminShell.tsx(1523,20): error TS2741: Property 'children' is missing in type '{ label: string; required: true; }' but required in type 'FieldProps'.
src/features/admin/AdminShell.tsx(1524,20): error TS2741: Property 'children' is missing in type '{ label: string; required: true; }' but required in type 'FieldProps'.
