src/App.tsx(1,8): error TS1259: Module '"c:/ROBOT_MED/frontend/node_modules/@types/react/index"' can only be default-imported using the 'esModuleInterop' flag
src/App.tsx(10,23): error TS6142: Module './KioskView' was resolved to 'c:/ROBOT_MED/frontend/src/KioskView.tsx', but '--jsx' is not set.
src/App.tsx(16,8): error TS6142: Module './adminExtras' was resolved to 'c:/ROBOT_MED/frontend/src/adminExtras.tsx', but '--jsx' is not set.
src/App.tsx(17,31): error TS2307: Cannot find module '@/features/admin/views/DashboardView' or its corresponding type declarations.
src/App.tsx(18,27): error TS2307: Cannot find module '@/features/admin/views/RoomsView' or its corresponding type declarations.
src/App.tsx(19,30): error TS2307: Cannot find module '@/features/admin/views/EngineerView' or its corresponding type declarations.
src/App.tsx(20,41): error TS2307: Cannot find module '@/shared/context/ThemeContext' or its corresponding type declarations.
src/App.tsx(21,30): error TS6142: Module './PharmacyView' was resolved to 'c:/ROBOT_MED/frontend/src/PharmacyView.tsx', but '--jsx' is not set.
src/App.tsx(151,5): error TS17004: Cannot use JSX unless the '--jsx' flag is provided.
src/App.tsx(152,7): error TS17004: Cannot use JSX unless the '--jsx' flag is provided.
src/App.tsx(157,9): error TS17004: Cannot use JSX unless the '--jsx' flag is provided.
src/App.tsx(158,11): error TS17004: Cannot use JSX unless the '--jsx' flag is provided.
src/App.tsx(159,13): error TS17004: Cannot use JSX unless the '--jsx' flag is provided.
src/App.tsx(161,11): error TS17004: Cannot use JSX unless the '--jsx' flag is provided.
src/App.tsx(162,11): error TS17004: Cannot use JSX unless the '--jsx' flag is provided.
src/App.tsx(163,11): error TS17004: Cannot use JSX unless the '--jsx' flag is provided.
src/App.tsx(166,9): error TS17004: Cannot use JSX unless the '--jsx' flag is provided.
src/App.tsx(167,11): error TS17004: Cannot use JSX unless the '--jsx' flag is provided.
src/App.tsx(168,13): error TS17004: Cannot use JSX unless the '--jsx' flag is provided.
src/App.tsx(171,13): error TS17004: Cannot use JSX unless the '--jsx' flag is provided.
src/App.tsx(181,11): error TS17004: Cannot use JSX unless the '--jsx' flag is provided.
src/App.tsx(182,13): error TS17004: Cannot use JSX unless the '--jsx' flag is provided.
src/App.tsx(185,13): error TS17004: Cannot use JSX unless the '--jsx' flag is provided.
src/App.tsx(196,13): error TS17004: Cannot use JSX unless the '--jsx' flag is provided.
src/App.tsx(201,11): error TS17004: Cannot use JSX unless the '--jsx' flag is provided.
src/App.tsx(230,10): error TS17004: Cannot use JSX unless the '--jsx' flag is provided.
src/App.tsx(234,3): error TS17004: Cannot use JSX unless the '--jsx' flag is provided.
src/App.tsx(235,5): error TS17004: Cannot use JSX unless the '--jsx' flag is provided.
src/App.tsx(243,5): error TS17004: Cannot use JSX unless the '--jsx' flag is provided.
src/App.tsx(244,7): error TS17004: Cannot use JSX unless the '--jsx' flag is provided.
src/App.tsx(246,9): error TS17004: Cannot use JSX unless the '--jsx' flag is provided.
src/App.tsx(247,11): error TS17004: Cannot use JSX unless the '--jsx' flag is provided.
src/App.tsx(248,11): error TS17004: Cannot use JSX unless the '--jsx' flag is provided.
src/App.tsx(249,13): error TS17004: Cannot use JSX unless the '--jsx' flag is provided.
src/App.tsx(252,9): error TS17004: Cannot use JSX unless the '--jsx' flag is provided.
src/App.tsx(262,5): error TS17004: Cannot use JSX unless the '--jsx' flag is provided.
src/App.tsx(263,7): error TS17004: Cannot use JSX unless the '--jsx' flag is provided.
src/App.tsx(264,29): error TS17004: Cannot use JSX unless the '--jsx' flag is provided.
src/App.tsx(284,5): error TS17004: Cannot use JSX unless the '--jsx' flag is provided.
src/App.tsx(288,15): error TS17004: Cannot use JSX unless the '--jsx' flag is provided.
src/App.tsx(288,45): error TS17004: Cannot use JSX unless the '--jsx' flag is provided.
src/App.tsx(300,5): error TS17004: Cannot use JSX unless the '--jsx' flag is provided.
src/App.tsx(305,7): error TS17004: Cannot use JSX unless the '--jsx' flag is provided.
src/App.tsx(347,5): error TS17004: Cannot use JSX unless the '--jsx' flag is provided.
src/App.tsx(348,7): error TS17004: Cannot use JSX unless the '--jsx' flag is provided.
src/App.tsx(350,11): error TS17004: Cannot use JSX unless the '--jsx' flag is provided.
src/App.tsx(352,11): error TS17004: Cannot use JSX unless the '--jsx' flag is provided.
src/App.tsx(353,13): error TS17004: Cannot use JSX unless the '--jsx' flag is provided.
src/App.tsx(354,13): error TS17004: Cannot use JSX unless the '--jsx' flag is provided.
src/App.tsx(358,11): error TS17004: Cannot use JSX unless the '--jsx' flag is provided.
src/App.tsx(359,13): error TS17004: Cannot use JSX unless the '--jsx' flag is provided.
src/App.tsx(364,7): error TS17004: Cannot use JSX unless the '--jsx' flag is provided.
src/App.tsx(365,9): error TS17004: Cannot use JSX unless the '--jsx' flag is provided.
src/App.tsx(366,11): error TS17004: Cannot use JSX unless the '--jsx' flag is provided.
src/App.tsx(368,9): error TS17004: Cannot use JSX unless the '--jsx' flag is provided.
src/App.tsx(373,7): error TS17004: Cannot use JSX unless the '--jsx' flag is provided.
src/App.tsx(374,7): error TS17004: Cannot use JSX unless the '--jsx' flag is provided.
src/App.tsx(426,5): error TS17004: Cannot use JSX unless the '--jsx' flag is provided.
src/App.tsx(428,7): error TS17004: Cannot use JSX unless the '--jsx' flag is provided.
src/App.tsx(429,9): error TS17004: Cannot use JSX unless the '--jsx' flag is provided.
src/App.tsx(430,11): error TS17004: Cannot use JSX unless the '--jsx' flag is provided.
src/App.tsx(431,13): error TS17004: Cannot use JSX unless the '--jsx' flag is provided.
src/App.tsx(432,13): error TS17004: Cannot use JSX unless the '--jsx' flag is provided.
src/App.tsx(433,13): error TS17004: Cannot use JSX unless the '--jsx' flag is provided.
src/App.tsx(435,11): error TS17004: Cannot use JSX unless the '--jsx' flag is provided.
src/App.tsx(436,13): error TS17004: Cannot use JSX unless the '--jsx' flag is provided.
src/App.tsx(437,13): error TS17004: Cannot use JSX unless the '--jsx' flag is provided.
src/App.tsx(438,13): error TS17004: Cannot use JSX unless the '--jsx' flag is provided.
src/App.tsx(439,40): error TS17004: Cannot use JSX unless the '--jsx' flag is provided.
src/App.tsx(446,9): error TS17004: Cannot use JSX unless the '--jsx' flag is provided.
src/App.tsx(447,11): error TS17004: Cannot use JSX unless the '--jsx' flag is provided.
src/App.tsx(448,11): error TS17004: Cannot use JSX unless the '--jsx' flag is provided.
src/App.tsx(449,11): error TS17004: Cannot use JSX unless the '--jsx' flag is provided.
src/App.tsx(450,18): error TS2802: Type 'Set<string>' can only be iterated through when using the '--downlevelIteration' flag or with a '--target' of 'es2015' or higher.
src/App.tsx(451,15): error TS17004: Cannot use JSX unless the '--jsx' flag is provided.
src/App.tsx(451,22): error TS2322: Type '{ key: any; text: any; color: string; }' is not assignable to type '{ text: string; color?: string; }'.
  Property 'key' does not exist on type '{ text: string; color?: string; }'.
src/App.tsx(458,7): error TS17004: Cannot use JSX unless the '--jsx' flag is provided.
src/App.tsx(459,9): error TS17004: Cannot use JSX unless the '--jsx' flag is provided.
src/App.tsx(460,11): error TS17004: Cannot use JSX unless the '--jsx' flag is provided.
src/App.tsx(461,11): error TS17004: Cannot use JSX unless the '--jsx' flag is provided.
src/App.tsx(463,15): error TS17004: Cannot use JSX unless the '--jsx' flag is provided.
src/App.tsx(469,13): error TS17004: Cannot use JSX unless the '--jsx' flag is provided.
src/App.tsx(472,9): error TS17004: Cannot use JSX unless the '--jsx' flag is provided.
src/App.tsx(473,11): error TS17004: Cannot use JSX unless the '--jsx' flag is provided.
src/App.tsx(474,11): error TS17004: Cannot use JSX unless the '--jsx' flag is provided.
src/App.tsx(480,13): error TS17004: Cannot use JSX unless the '--jsx' flag is provided.
src/App.tsx(483,9): error TS17004: Cannot use JSX unless the '--jsx' flag is provided.
src/App.tsx(485,13): error TS17004: Cannot use JSX unless the '--jsx' flag is provided.
src/App.tsx(486,15): error TS17004: Cannot use JSX unless the '--jsx' flag is provided.
src/App.tsx(487,17): error TS17004: Cannot use JSX unless the '--jsx' flag is provided.
src/App.tsx(488,35): error TS17004: Cannot use JSX unless the '--jsx' flag is provided.
src/App.tsx(490,15): error TS17004: Cannot use JSX unless the '--jsx' flag is provided.
src/App.tsx(498,11): error TS17004: Cannot use JSX unless the '--jsx' flag is provided.
src/App.tsx(500,11): error TS17004: Cannot use JSX unless the '--jsx' flag is provided.
src/App.tsx(502,15): error TS17004: Cannot use JSX unless the '--jsx' flag is provided.
src/App.tsx(503,17): error TS17004: Cannot use JSX unless the '--jsx' flag is provided.
src/App.tsx(504,17): error TS17004: Cannot use JSX unless the '--jsx' flag is provided.
src/App.tsx(505,19): error TS17004: Cannot use JSX unless the '--jsx' flag is provided.
src/App.tsx(506,19): error TS17004: Cannot use JSX unless the '--jsx' flag is provided.
src/App.tsx(507,60): error TS17004: Cannot use JSX unless the '--jsx' flag is provided.
src/App.tsx(510,17): error TS17004: Cannot use JSX unless the '--jsx' flag is provided.
src/App.tsx(511,19): error TS17004: Cannot use JSX unless the '--jsx' flag is provided.
src/App.tsx(683,43): error TS2339: Property 'startsWith' does not exist on type 'never'.
src/App.tsx(683,65): error TS2339: Property 'startsWith' does not exist on type 'never'.
src/App.tsx(694,43): error TS2339: Property 'startsWith' does not exist on type 'never'.
src/App.tsx(694,65): error TS2339: Property 'startsWith' does not exist on type 'never'.
src/App.tsx(819,5): error TS17004: Cannot use JSX unless the '--jsx' flag is provided.
src/App.tsx(821,7): error TS17004: Cannot use JSX unless the '--jsx' flag is provided.
src/App.tsx(822,9): error TS17004: Cannot use JSX unless the '--jsx' flag is provided.
src/App.tsx(823,11): error TS17004: Cannot use JSX unless the '--jsx' flag is provided.
src/App.tsx(824,13): error TS17004: Cannot use JSX unless the '--jsx' flag is provided.
src/App.tsx(825,13): error TS17004: Cannot use JSX unless the '--jsx' flag is provided.
src/App.tsx(827,15): error TS17004: Cannot use JSX unless the '--jsx' flag is provided.
src/App.tsx(830,11): error TS17004: Cannot use JSX unless the '--jsx' flag is provided.
src/App.tsx(831,13): error TS17004: Cannot use JSX unless the '--jsx' flag is provided.
src/App.tsx(832,13): error TS17004: Cannot use JSX unless the '--jsx' flag is provided.
src/App.tsx(835,9): error TS17004: Cannot use JSX unless the '--jsx' flag is provided.
src/App.tsx(836,17): error TS17004: Cannot use JSX unless the '--jsx' flag is provided.
src/App.tsx(837,13): error TS17004: Cannot use JSX unless the '--jsx' flag is provided.
src/App.tsx(843,17): error TS17004: Cannot use JSX unless the '--jsx' flag is provided.
src/App.tsx(845,17): error TS17004: Cannot use JSX unless the '--jsx' flag is provided.
src/App.tsx(847,15): error TS17004: Cannot use JSX unless the '--jsx' flag is provided.
src/App.tsx(848,17): error TS17004: Cannot use JSX unless the '--jsx' flag is provided.
src/App.tsx(849,17): error TS17004: Cannot use JSX unless the '--jsx' flag is provided.
src/App.tsx(851,38): error TS17004: Cannot use JSX unless the '--jsx' flag is provided.
src/App.tsx(858,7): error TS17004: Cannot use JSX unless the '--jsx' flag is provided.
src/App.tsx(860,11): error TS17004: Cannot use JSX unless the '--jsx' flag is provided.
src/App.tsx(861,13): error TS17004: Cannot use JSX unless the '--jsx' flag is provided.
src/App.tsx(862,13): error TS17004: Cannot use JSX unless the '--jsx' flag is provided.
src/App.tsx(865,11): error TS17004: Cannot use JSX unless the '--jsx' flag is provided.
src/App.tsx(866,13): error TS17004: Cannot use JSX unless the '--jsx' flag is provided.
src/App.tsx(872,17): error TS17004: Cannot use JSX unless the '--jsx' flag is provided.
src/App.tsx(880,15): error TS17004: Cannot use JSX unless the '--jsx' flag is provided.
src/App.tsx(881,17): error TS17004: Cannot use JSX unless the '--jsx' flag is provided.
src/App.tsx(882,19): error TS17004: Cannot use JSX unless the '--jsx' flag is provided.
src/App.tsx(890,19): error TS17004: Cannot use JSX unless the '--jsx' flag is provided.
src/App.tsx(891,21): error TS17004: Cannot use JSX unless the '--jsx' flag is provided.
src/App.tsx(892,21): error TS17004: Cannot use JSX unless the '--jsx' flag is provided.
src/App.tsx(895,21): error TS17004: Cannot use JSX unless the '--jsx' flag is provided.
src/App.tsx(896,31): error TS17004: Cannot use JSX unless the '--jsx' flag is provided.
src/App.tsx(898,21): error TS17004: Cannot use JSX unless the '--jsx' flag is provided.
src/App.tsx(902,19): error TS17004: Cannot use JSX unless the '--jsx' flag is provided.
src/App.tsx(903,21): error TS17004: Cannot use JSX unless the '--jsx' flag is provided.
src/App.tsx(903,348): error TS17004: Cannot use JSX unless the '--jsx' flag is provided.
src/App.tsx(904,21): error TS17004: Cannot use JSX unless the '--jsx' flag is provided.
src/App.tsx(904,339): error TS17004: Cannot use JSX unless the '--jsx' flag is provided.
src/App.tsx(908,17): error TS17004: Cannot use JSX unless the '--jsx' flag is provided.
src/App.tsx(909,19): error TS17004: Cannot use JSX unless the '--jsx' flag is provided.
src/App.tsx(910,21): error TS17004: Cannot use JSX unless the '--jsx' flag is provided.
src/App.tsx(913,19): error TS17004: Cannot use JSX unless the '--jsx' flag is provided.
src/App.tsx(914,21): error TS17004: Cannot use JSX unless the '--jsx' flag is provided.
src/App.tsx(918,17): error TS17004: Cannot use JSX unless the '--jsx' flag is provided.
src/App.tsx(919,19): error TS17004: Cannot use JSX unless the '--jsx' flag is provided.
src/App.tsx(920,19): error TS17004: Cannot use JSX unless the '--jsx' flag is provided.
src/App.tsx(925,17): error TS17004: Cannot use JSX unless the '--jsx' flag is provided.
src/App.tsx(926,19): error TS17004: Cannot use JSX unless the '--jsx' flag is provided.
src/App.tsx(928,21): error TS17004: Cannot use JSX unless the '--jsx' flag is provided.
src/App.tsx(930,25): error TS17004: Cannot use JSX unless the '--jsx' flag is provided.
src/App.tsx(931,27): error TS17004: Cannot use JSX unless the '--jsx' flag is provided.
src/App.tsx(932,29): error TS17004: Cannot use JSX unless the '--jsx' flag is provided.
src/App.tsx(933,29): error TS17004: Cannot use JSX unless the '--jsx' flag is provided.
src/App.tsx(935,27): error TS17004: Cannot use JSX unless the '--jsx' flag is provided.
src/App.tsx(937,31): error TS17004: Cannot use JSX unless the '--jsx' flag is provided.
src/App.tsx(937,38): error TS2322: Type '{ key: string; text: string; color: string; }' is not assignable to type '{ text: string; color?: string; }'.
  Property 'key' does not exist on type '{ text: string; color?: string; }'.
src/App.tsx(943,25): error TS17004: Cannot use JSX unless the '--jsx' flag is provided.
src/App.tsx(944,27): error TS17004: Cannot use JSX unless the '--jsx' flag is provided.
src/App.tsx(945,27): error TS17004: Cannot use JSX unless the '--jsx' flag is provided.
src/App.tsx(947,31): error TS17004: Cannot use JSX unless the '--jsx' flag is provided.
src/App.tsx(947,38): error TS2322: Type '{ key: string; text: string; color: string; }' is not assignable to type '{ text: string; color?: string; }'.
  Property 'key' does not exist on type '{ text: string; color?: string; }'.
src/App.tsx(953,25): error TS17004: Cannot use JSX unless the '--jsx' flag is provided.
src/App.tsx(955,29): error TS17004: Cannot use JSX unless the '--jsx' flag is provided.
src/App.tsx(955,36): error TS2322: Type '{ key: string; text: string; color: string; }' is not assignable to type '{ text: string; color?: string; }'.
  Property 'key' does not exist on type '{ text: string; color?: string; }'.
src/App.tsx(961,21): error TS17004: Cannot use JSX unless the '--jsx' flag is provided.
src/App.tsx(966,19): error TS17004: Cannot use JSX unless the '--jsx' flag is provided.
src/App.tsx(967,21): error TS17004: Cannot use JSX unless the '--jsx' flag is provided.
src/App.tsx(968,21): error TS17004: Cannot use JSX unless the '--jsx' flag is provided.
src/App.tsx(975,21): error TS17004: Cannot use JSX unless the '--jsx' flag is provided.
src/App.tsx(976,23): error TS17004: Cannot use JSX unless the '--jsx' flag is provided.
src/App.tsx(977,23): error TS17004: Cannot use JSX unless the '--jsx' flag is provided.
src/App.tsx(978,23): error TS17004: Cannot use JSX unless the '--jsx' flag is provided.
src/App.tsx(989,15): error TS17004: Cannot use JSX unless the '--jsx' flag is provided.
src/App.tsx(990,17): error TS17004: Cannot use JSX unless the '--jsx' flag is provided.
src/App.tsx(991,19): error TS17004: Cannot use JSX unless the '--jsx' flag is provided.
src/App.tsx(993,21): error TS17004: Cannot use JSX unless the '--jsx' flag is provided.
src/App.tsx(997,19): error TS17004: Cannot use JSX unless the '--jsx' flag is provided.
src/App.tsx(999,19): error TS17004: Cannot use JSX unless the '--jsx' flag is provided.
src/App.tsx(1001,23): error TS17004: Cannot use JSX unless the '--jsx' flag is provided.
src/App.tsx(1002,25): error TS17004: Cannot use JSX unless the '--jsx' flag is provided.
src/App.tsx(1003,27): error TS17004: Cannot use JSX unless the '--jsx' flag is provided.
src/App.tsx(1004,27): error TS17004: Cannot use JSX unless the '--jsx' flag is provided.
src/App.tsx(1005,29): error TS17004: Cannot use JSX unless the '--jsx' flag is provided.
src/App.tsx(1006,29): error TS17004: Cannot use JSX unless the '--jsx' flag is provided.
src/App.tsx(1009,25): error TS17004: Cannot use JSX unless the '--jsx' flag is provided.
src/App.tsx(1012,25): error TS17004: Cannot use JSX unless the '--jsx' flag is provided.
src/App.tsx(1015,25): error TS17004: Cannot use JSX unless the '--jsx' flag is provided.
src/App.tsx(1016,27): error TS17004: Cannot use JSX unless the '--jsx' flag is provided.
src/App.tsx(1022,27): error TS17004: Cannot use JSX unless the '--jsx' flag is provided.
src/App.tsx(1026,45): error TS17004: Cannot use JSX unless the '--jsx' flag is provided.
src/App.tsx(1034,39): error TS17004: Cannot use JSX unless the '--jsx' flag is provided.
src/App.tsx(1039,7): error TS17004: Cannot use JSX unless the '--jsx' flag is provided.
src/App.tsx(1041,11): error TS17004: Cannot use JSX unless the '--jsx' flag is provided.
src/App.tsx(1041,12): error TS2741: Property 'children' is missing in type '{ title: string; onClose: () => void; width: string; }' but required in type 'ModalProps'.
src/App.tsx(1042,13): error TS17004: Cannot use JSX unless the '--jsx' flag is provided.
src/App.tsx(1043,15): error TS17004: Cannot use JSX unless the '--jsx' flag is provided.
src/App.tsx(1044,17): error TS17004: Cannot use JSX unless the '--jsx' flag is provided.
src/App.tsx(1045,17): error TS17004: Cannot use JSX unless the '--jsx' flag is provided.
src/App.tsx(1046,19): error TS17004: Cannot use JSX unless the '--jsx' flag is provided.
src/App.tsx(1046,20): error TS2741: Property 'children' is missing in type '{ label: string; required: true; }' but required in type 'FieldProps'.
src/App.tsx(1046,50): error TS17004: Cannot use JSX unless the '--jsx' flag is provided.
src/App.tsx(1047,19): error TS17004: Cannot use JSX unless the '--jsx' flag is provided.
src/App.tsx(1047,20): error TS2741: Property 'children' is missing in type '{ label: string; required: true; }' but required in type 'FieldProps'.
src/App.tsx(1047,47): error TS17004: Cannot use JSX unless the '--jsx' flag is provided.
src/App.tsx(1048,19): error TS17004: Cannot use JSX unless the '--jsx' flag is provided.
src/App.tsx(1048,20): error TS2741: Property 'children' is missing in type '{ label: string; }' but required in type 'FieldProps'.
src/App.tsx(1048,52): error TS17004: Cannot use JSX unless the '--jsx' flag is provided.
src/App.tsx(1049,19): error TS17004: Cannot use JSX unless the '--jsx' flag is provided.
src/App.tsx(1049,20): error TS2741: Property 'children' is missing in type '{ label: string; required: true; }' but required in type 'FieldProps'.
src/App.tsx(1049,53): error TS17004: Cannot use JSX unless the '--jsx' flag is provided.
src/App.tsx(1050,19): error TS17004: Cannot use JSX unless the '--jsx' flag is provided.
src/App.tsx(1050,20): error TS2741: Property 'children' is missing in type '{ label: string; }' but required in type 'FieldProps'.
src/App.tsx(1050,40): error TS17004: Cannot use JSX unless the '--jsx' flag is provided.
src/App.tsx(1051,19): error TS17004: Cannot use JSX unless the '--jsx' flag is provided.
src/App.tsx(1051,20): error TS2741: Property 'children' is missing in type '{ label: string; }' but required in type 'FieldProps'.
src/App.tsx(1051,40): error TS17004: Cannot use JSX unless the '--jsx' flag is provided.
src/App.tsx(1054,15): error TS17004: Cannot use JSX unless the '--jsx' flag is provided.
src/App.tsx(1055,17): error TS17004: Cannot use JSX unless the '--jsx' flag is provided.
src/App.tsx(1056,17): error TS17004: Cannot use JSX unless the '--jsx' flag is provided.
src/App.tsx(1057,19): error TS17004: Cannot use JSX unless the '--jsx' flag is provided.
src/App.tsx(1057,20): error TS2741: Property 'children' is missing in type '{ label: string; }' but required in type 'FieldProps'.
src/App.tsx(1057,40): error TS17004: Cannot use JSX unless the '--jsx' flag is provided.
src/App.tsx(1057,173): error TS17004: Cannot use JSX unless the '--jsx' flag is provided.
src/App.tsx(1058,19): error TS17004: Cannot use JSX unless the '--jsx' flag is provided.
src/App.tsx(1058,20): error TS2741: Property 'children' is missing in type '{ label: string; }' but required in type 'FieldProps'.
src/App.tsx(1058,38): error TS17004: Cannot use JSX unless the '--jsx' flag is provided.
src/App.tsx(1058,145): error TS17004: Cannot use JSX unless the '--jsx' flag is provided.
src/App.tsx(1058,177): error TS17004: Cannot use JSX unless the '--jsx' flag is provided.
src/App.tsx(1060,17): error TS17004: Cannot use JSX unless the '--jsx' flag is provided.
src/App.tsx(1060,18): error TS2741: Property 'children' is missing in type '{ label: string; required: true; }' but required in type 'FieldProps'.
src/App.tsx(1060,52): error TS17004: Cannot use JSX unless the '--jsx' flag is provided.
src/App.tsx(1062,15): error TS17004: Cannot use JSX unless the '--jsx' flag is provided.
src/App.tsx(1063,17): error TS17004: Cannot use JSX unless the '--jsx' flag is provided.
src/App.tsx(1064,17): error TS17004: Cannot use JSX unless the '--jsx' flag is provided.
src/App.tsx(1065,17): error TS17004: Cannot use JSX unless the '--jsx' flag is provided.
src/App.tsx(1067,21): error TS17004: Cannot use JSX unless the '--jsx' flag is provided.
src/App.tsx(1071,17): error TS17004: Cannot use JSX unless the '--jsx' flag is provided.
src/App.tsx(1072,17): error TS17004: Cannot use JSX unless the '--jsx' flag is provided.
src/App.tsx(1074,21): error TS17004: Cannot use JSX unless the '--jsx' flag is provided.
src/App.tsx(1080,17): error TS17004: Cannot use JSX unless the '--jsx' flag is provided.
src/App.tsx(1081,17): error TS17004: Cannot use JSX unless the '--jsx' flag is provided.
src/App.tsx(1083,21): error TS17004: Cannot use JSX unless the '--jsx' flag is provided.
src/App.tsx(1084,23): error TS17004: Cannot use JSX unless the '--jsx' flag is provided.
src/App.tsx(1089,17): error TS17004: Cannot use JSX unless the '--jsx' flag is provided.
src/App.tsx(1093,15): error TS17004: Cannot use JSX unless the '--jsx' flag is provided.
src/App.tsx(1094,17): error TS17004: Cannot use JSX unless the '--jsx' flag is provided.
src/App.tsx(1095,17): error TS17004: Cannot use JSX unless the '--jsx' flag is provided.
src/App.tsx(1095,18): error TS2741: Property 'children' is missing in type '{ label: string; }' but required in type 'FieldProps'.
src/App.tsx(1095,44): error TS17004: Cannot use JSX unless the '--jsx' flag is provided.
src/App.tsx(1096,17): error TS17004: Cannot use JSX unless the '--jsx' flag is provided.
src/App.tsx(1096,18): error TS2741: Property 'children' is missing in type '{ label: string; }' but required in type 'FieldProps'.
src/App.tsx(1096,64): error TS17004: Cannot use JSX unless the '--jsx' flag is provided.
src/App.tsx(1097,17): error TS17004: Cannot use JSX unless the '--jsx' flag is provided.
src/App.tsx(1097,18): error TS2741: Property 'children' is missing in type '{ label: string; }' but required in type 'FieldProps'.
src/App.tsx(1097,48): error TS17004: Cannot use JSX unless the '--jsx' flag is provided.
src/App.tsx(1099,15): error TS17004: Cannot use JSX unless the '--jsx' flag is provided.
src/App.tsx(1100,17): error TS17004: Cannot use JSX unless the '--jsx' flag is provided.
src/App.tsx(1101,17): error TS17004: Cannot use JSX unless the '--jsx' flag is provided.
src/App.tsx(1101,18): error TS2741: Property 'children' is missing in type '{ label: string; }' but required in type 'FieldProps'.
src/App.tsx(1102,19): error TS17004: Cannot use JSX unless the '--jsx' flag is provided.
src/App.tsx(1104,23): error TS17004: Cannot use JSX unless the '--jsx' flag is provided.
src/App.tsx(1109,17): error TS17004: Cannot use JSX unless the '--jsx' flag is provided.
src/App.tsx(1109,18): error TS2741: Property 'children' is missing in type '{ label: string; }' but required in type 'FieldProps'.
src/App.tsx(1110,19): error TS17004: Cannot use JSX unless the '--jsx' flag is provided.
src/App.tsx(1112,23): error TS17004: Cannot use JSX unless the '--jsx' flag is provided.
src/App.tsx(1118,15): error TS17004: Cannot use JSX unless the '--jsx' flag is provided.
src/App.tsx(1119,17): error TS17004: Cannot use JSX unless the '--jsx' flag is provided.
src/App.tsx(1121,19): error TS17004: Cannot use JSX unless the '--jsx' flag is provided.
src/App.tsx(1123,17): error TS17004: Cannot use JSX unless the '--jsx' flag is provided.
src/App.tsx(1130,7): error TS17004: Cannot use JSX unless the '--jsx' flag is provided.
src/App.tsx(1132,11): error TS17004: Cannot use JSX unless the '--jsx' flag is provided.
src/App.tsx(1132,12): error TS2741: Property 'children' is missing in type '{ title: string; onClose: () => void; width: string; }' but required in type 'ModalProps'.
src/App.tsx(1133,13): error TS17004: Cannot use JSX unless the '--jsx' flag is provided.
src/App.tsx(1134,15): error TS17004: Cannot use JSX unless the '--jsx' flag is provided.
src/App.tsx(1134,16): error TS2741: Property 'children' is missing in type '{ label: string; required: true; }' but required in type 'FieldProps'.
src/App.tsx(1135,17): error TS17004: Cannot use JSX unless the '--jsx' flag is provided.
src/App.tsx(1137,15): error TS17004: Cannot use JSX unless the '--jsx' flag is provided.
src/App.tsx(1137,16): error TS2741: Property 'children' is missing in type '{ label: string; }' but required in type 'FieldProps'.
src/App.tsx(1138,17): error TS17004: Cannot use JSX unless the '--jsx' flag is provided.
src/App.tsx(1140,15): error TS17004: Cannot use JSX unless the '--jsx' flag is provided.
src/App.tsx(1140,16): error TS2741: Property 'children' is missing in type '{ label: string; }' but required in type 'FieldProps'.
src/App.tsx(1141,17): error TS17004: Cannot use JSX unless the '--jsx' flag is provided.
src/App.tsx(1143,15): error TS17004: Cannot use JSX unless the '--jsx' flag is provided.
src/App.tsx(1143,16): error TS2741: Property 'children' is missing in type '{ label: string; }' but required in type 'FieldProps'.
src/App.tsx(1144,17): error TS17004: Cannot use JSX unless the '--jsx' flag is provided.
src/App.tsx(1145,19): error TS17004: Cannot use JSX unless the '--jsx' flag is provided.
src/App.tsx(1146,19): error TS17004: Cannot use JSX unless the '--jsx' flag is provided.
src/App.tsx(1147,19): error TS17004: Cannot use JSX unless the '--jsx' flag is provided.
src/App.tsx(1148,19): error TS17004: Cannot use JSX unless the '--jsx' flag is provided.
src/App.tsx(1149,19): error TS17004: Cannot use JSX unless the '--jsx' flag is provided.
src/App.tsx(1150,19): error TS17004: Cannot use JSX unless the '--jsx' flag is provided.
src/App.tsx(1153,15): error TS17004: Cannot use JSX unless the '--jsx' flag is provided.
src/App.tsx(1154,17): error TS17004: Cannot use JSX unless the '--jsx' flag is provided.
src/App.tsx(1154,18): error TS2741: Property 'children' is missing in type '{ label: string; }' but required in type 'FieldProps'.
src/App.tsx(1154,46): error TS17004: Cannot use JSX unless the '--jsx' flag is provided.
src/App.tsx(1155,17): error TS17004: Cannot use JSX unless the '--jsx' flag is provided.
src/App.tsx(1155,18): error TS2741: Property 'children' is missing in type '{ label: string; }' but required in type 'FieldProps'.
src/App.tsx(1155,56): error TS17004: Cannot use JSX unless the '--jsx' flag is provided.
src/App.tsx(1157,15): error TS17004: Cannot use JSX unless the '--jsx' flag is provided.
src/App.tsx(1157,16): error TS2741: Property 'children' is missing in type '{ label: string; }' but required in type 'FieldProps'.
src/App.tsx(1158,17): error TS17004: Cannot use JSX unless the '--jsx' flag is provided.
src/App.tsx(1159,19): error TS17004: Cannot use JSX unless the '--jsx' flag is provided.
src/App.tsx(1160,19): error TS17004: Cannot use JSX unless the '--jsx' flag is provided.
src/App.tsx(1161,19): error TS17004: Cannot use JSX unless the '--jsx' flag is provided.
src/App.tsx(1162,19): error TS17004: Cannot use JSX unless the '--jsx' flag is provided.
src/App.tsx(1165,15): error TS17004: Cannot use JSX unless the '--jsx' flag is provided.
src/App.tsx(1165,16): error TS2741: Property 'children' is missing in type '{ label: string; }' but required in type 'FieldProps'.
src/App.tsx(1165,39): error TS17004: Cannot use JSX unless the '--jsx' flag is provided.
src/App.tsx(1166,15): error TS17004: Cannot use JSX unless the '--jsx' flag is provided.
src/App.tsx(1167,17): error TS17004: Cannot use JSX unless the '--jsx' flag is provided.
src/App.tsx(1170,15): error TS17004: Cannot use JSX unless the '--jsx' flag is provided.
src/App.tsx(1171,17): error TS17004: Cannot use JSX unless the '--jsx' flag is provided.
src/App.tsx(1173,17): error TS17004: Cannot use JSX unless the '--jsx' flag is provided.
src/App.tsx(1242,5): error TS17004: Cannot use JSX unless the '--jsx' flag is provided.
src/App.tsx(1243,7): error TS17004: Cannot use JSX unless the '--jsx' flag is provided.
src/App.tsx(1244,9): error TS17004: Cannot use JSX unless the '--jsx' flag is provided.
src/App.tsx(1245,11): error TS17004: Cannot use JSX unless the '--jsx' flag is provided.
src/App.tsx(1246,11): error TS17004: Cannot use JSX unless the '--jsx' flag is provided.
src/App.tsx(1248,9): error TS17004: Cannot use JSX unless the '--jsx' flag is provided.
src/App.tsx(1250,11): error TS17004: Cannot use JSX unless the '--jsx' flag is provided.
src/App.tsx(1254,13): error TS17004: Cannot use JSX unless the '--jsx' flag is provided.
src/App.tsx(1255,9): error TS17004: Cannot use JSX unless the '--jsx' flag is provided.
src/App.tsx(1255,86): error TS17004: Cannot use JSX unless the '--jsx' flag is provided.
src/App.tsx(1255,146): error TS17004: Cannot use JSX unless the '--jsx' flag is provided.
src/App.tsx(1257,9): error TS17004: Cannot use JSX unless the '--jsx' flag is provided.
src/App.tsx(1259,13): error TS17004: Cannot use JSX unless the '--jsx' flag is provided.
src/App.tsx(1260,15): error TS17004: Cannot use JSX unless the '--jsx' flag is provided.
src/App.tsx(1261,17): error TS17004: Cannot use JSX unless the '--jsx' flag is provided.
src/App.tsx(1264,17): error TS17004: Cannot use JSX unless the '--jsx' flag is provided.
src/App.tsx(1265,19): error TS17004: Cannot use JSX unless the '--jsx' flag is provided.
src/App.tsx(1266,19): error TS17004: Cannot use JSX unless the '--jsx' flag is provided.
src/App.tsx(1267,19): error TS17004: Cannot use JSX unless the '--jsx' flag is provided.
src/App.tsx(1268,19): error TS17004: Cannot use JSX unless the '--jsx' flag is provided.
src/App.tsx(1269,21): error TS17004: Cannot use JSX unless the '--jsx' flag is provided.
src/App.tsx(1272,17): error TS17004: Cannot use JSX unless the '--jsx' flag is provided.
src/App.tsx(1273,19): error TS17004: Cannot use JSX unless the '--jsx' flag is provided.
src/App.tsx(1273,297): error TS17004: Cannot use JSX unless the '--jsx' flag is provided.
src/App.tsx(1274,19): error TS17004: Cannot use JSX unless the '--jsx' flag is provided.
src/App.tsx(1274,298): error TS17004: Cannot use JSX unless the '--jsx' flag is provided.
src/App.tsx(1282,7): error TS17004: Cannot use JSX unless the '--jsx' flag is provided.
src/App.tsx(1284,11): error TS17004: Cannot use JSX unless the '--jsx' flag is provided.
src/App.tsx(1284,12): error TS2741: Property 'children' is missing in type '{ title: string; onClose: () => void; }' but required in type 'ModalProps'.
src/App.tsx(1285,13): error TS17004: Cannot use JSX unless the '--jsx' flag is provided.
src/App.tsx(1286,15): error TS17004: Cannot use JSX unless the '--jsx' flag is provided.
src/App.tsx(1286,16): error TS2741: Property 'children' is missing in type '{ label: string; required: true; }' but required in type 'FieldProps'.
src/App.tsx(1286,51): error TS17004: Cannot use JSX unless the '--jsx' flag is provided.
src/App.tsx(1287,15): error TS17004: Cannot use JSX unless the '--jsx' flag is provided.
src/App.tsx(1287,16): error TS2741: Property 'children' is missing in type '{ label: string; }' but required in type 'FieldProps'.
src/App.tsx(1287,35): error TS17004: Cannot use JSX unless the '--jsx' flag is provided.
src/App.tsx(1287,203): error TS17004: Cannot use JSX unless the '--jsx' flag is provided.
src/App.tsx(1288,15): error TS17004: Cannot use JSX unless the '--jsx' flag is provided.
src/App.tsx(1288,16): error TS2741: Property 'children' is missing in type '{ label: string; required: true; }' but required in type 'FieldProps'.
src/App.tsx(1288,57): error TS17004: Cannot use JSX unless the '--jsx' flag is provided.
src/App.tsx(1290,17): error TS17004: Cannot use JSX unless the '--jsx' flag is provided.
src/App.tsx(1291,19): error TS17004: Cannot use JSX unless the '--jsx' flag is provided.
src/App.tsx(1291,20): error TS2741: Property 'children' is missing in type '{ label: string; required: true; }' but required in type 'FieldProps'.
src/App.tsx(1291,58): error TS17004: Cannot use JSX unless the '--jsx' flag is provided.
src/App.tsx(1292,19): error TS17004: Cannot use JSX unless the '--jsx' flag is provided.
src/App.tsx(1292,20): error TS2741: Property 'children' is missing in type '{ label: string; required: true; }' but required in type 'FieldProps'.
src/App.tsx(1292,56): error TS17004: Cannot use JSX unless the '--jsx' flag is provided.
src/App.tsx(1293,19): error TS17004: Cannot use JSX unless the '--jsx' flag is provided.
src/App.tsx(1293,20): error TS2741: Property 'children' is missing in type '{ label: string; required: true; }' but required in type 'FieldProps'.
src/App.tsx(1293,65): error TS17004: Cannot use JSX unless the '--jsx' flag is provided.
src/App.tsx(1298,17): error TS17004: Cannot use JSX unless the '--jsx' flag is provided.
src/App.tsx(1302,17): error TS17004: Cannot use JSX unless the '--jsx' flag is provided.
src/App.tsx(1303,19): error TS17004: Cannot use JSX unless the '--jsx' flag is provided.
src/App.tsx(1304,19): error TS17004: Cannot use JSX unless the '--jsx' flag is provided.
src/App.tsx(1305,21): error TS17004: Cannot use JSX unless the '--jsx' flag is provided.
src/App.tsx(1306,23): error TS17004: Cannot use JSX unless the '--jsx' flag is provided.
src/App.tsx(1307,23): error TS17004: Cannot use JSX unless the '--jsx' flag is provided.
src/App.tsx(1309,21): error TS17004: Cannot use JSX unless the '--jsx' flag is provided.
src/App.tsx(1310,23): error TS17004: Cannot use JSX unless the '--jsx' flag is provided.
src/App.tsx(1311,23): error TS17004: Cannot use JSX unless the '--jsx' flag is provided.
src/App.tsx(1313,21): error TS17004: Cannot use JSX unless the '--jsx' flag is provided.
src/App.tsx(1314,23): error TS17004: Cannot use JSX unless the '--jsx' flag is provided.
src/App.tsx(1315,23): error TS17004: Cannot use JSX unless the '--jsx' flag is provided.
src/App.tsx(1318,23): error TS17004: Cannot use JSX unless the '--jsx' flag is provided.
src/App.tsx(1320,34): error TS17004: Cannot use JSX unless the '--jsx' flag is provided.
src/App.tsx(1321,36): error TS17004: Cannot use JSX unless the '--jsx' flag is provided.
src/App.tsx(1322,21): error TS17004: Cannot use JSX unless the '--jsx' flag is provided.
src/App.tsx(1330,15): error TS17004: Cannot use JSX unless the '--jsx' flag is provided.
src/App.tsx(1331,17): error TS17004: Cannot use JSX unless the '--jsx' flag is provided.
src/App.tsx(1333,19): error TS17004: Cannot use JSX unless the '--jsx' flag is provided.
src/App.tsx(1335,17): error TS17004: Cannot use JSX unless the '--jsx' flag is provided.
src/App.tsx(1417,3): error TS2304: Cannot find name 'useLayoutEffect'.
src/App.tsx(1564,5): error TS17004: Cannot use JSX unless the '--jsx' flag is provided.
src/App.tsx(1565,7): error TS17004: Cannot use JSX unless the '--jsx' flag is provided.
src/App.tsx(1566,9): error TS17004: Cannot use JSX unless the '--jsx' flag is provided.
src/App.tsx(1567,11): error TS17004: Cannot use JSX unless the '--jsx' flag is provided.
src/App.tsx(1568,11): error TS17004: Cannot use JSX unless the '--jsx' flag is provided.
src/App.tsx(1570,9): error TS17004: Cannot use JSX unless the '--jsx' flag is provided.
src/App.tsx(1571,11): error TS17004: Cannot use JSX unless the '--jsx' flag is provided.
src/App.tsx(1575,7): error TS17004: Cannot use JSX unless the '--jsx' flag is provided.
src/App.tsx(1577,9): error TS17004: Cannot use JSX unless the '--jsx' flag is provided.
src/App.tsx(1578,11): error TS17004: Cannot use JSX unless the '--jsx' flag is provided.
src/App.tsx(1578,106): error TS17004: Cannot use JSX unless the '--jsx' flag is provided.
src/App.tsx(1579,11): error TS17004: Cannot use JSX unless the '--jsx' flag is provided.
src/App.tsx(1586,15): error TS17004: Cannot use JSX unless the '--jsx' flag is provided.
src/App.tsx(1587,17): error TS17004: Cannot use JSX unless the '--jsx' flag is provided.
src/App.tsx(1589,21): error TS17004: Cannot use JSX unless the '--jsx' flag is provided.
src/App.tsx(1590,21): error TS17004: Cannot use JSX unless the '--jsx' flag is provided.
src/App.tsx(1590,64): error TS17004: Cannot use JSX unless the '--jsx' flag is provided.
src/App.tsx(1590,120): error TS17004: Cannot use JSX unless the '--jsx' flag is provided.
src/App.tsx(1598,9): error TS17004: Cannot use JSX unless the '--jsx' flag is provided.
src/App.tsx(1599,11): error TS17004: Cannot use JSX unless the '--jsx' flag is provided.
src/App.tsx(1599,106): error TS17004: Cannot use JSX unless the '--jsx' flag is provided.
src/App.tsx(1600,11): error TS17004: Cannot use JSX unless the '--jsx' flag is provided.
src/App.tsx(1607,15): error TS17004: Cannot use JSX unless the '--jsx' flag is provided.
src/App.tsx(1608,17): error TS17004: Cannot use JSX unless the '--jsx' flag is provided.
src/App.tsx(1610,21): error TS17004: Cannot use JSX unless the '--jsx' flag is provided.
src/App.tsx(1611,21): error TS17004: Cannot use JSX unless the '--jsx' flag is provided.
src/App.tsx(1611,64): error TS17004: Cannot use JSX unless the '--jsx' flag is provided.
src/App.tsx(1611,120): error TS17004: Cannot use JSX unless the '--jsx' flag is provided.
src/App.tsx(1619,9): error TS17004: Cannot use JSX unless the '--jsx' flag is provided.
src/App.tsx(1620,11): error TS17004: Cannot use JSX unless the '--jsx' flag is provided.
src/App.tsx(1620,106): error TS17004: Cannot use JSX unless the '--jsx' flag is provided.
src/App.tsx(1621,11): error TS17004: Cannot use JSX unless the '--jsx' flag is provided.
src/App.tsx(1623,15): error TS17004: Cannot use JSX unless the '--jsx' flag is provided.
src/App.tsx(1624,17): error TS17004: Cannot use JSX unless the '--jsx' flag is provided.
src/App.tsx(1625,17): error TS17004: Cannot use JSX unless the '--jsx' flag is provided.
src/App.tsx(1626,17): error TS17004: Cannot use JSX unless the '--jsx' flag is provided.
src/App.tsx(1633,9): error TS17004: Cannot use JSX unless the '--jsx' flag is provided.
src/App.tsx(1634,11): error TS17004: Cannot use JSX unless the '--jsx' flag is provided.
src/App.tsx(1634,106): error TS17004: Cannot use JSX unless the '--jsx' flag is provided.
src/App.tsx(1635,11): error TS17004: Cannot use JSX unless the '--jsx' flag is provided.
src/App.tsx(1644,15): error TS17004: Cannot use JSX unless the '--jsx' flag is provided.
src/App.tsx(1645,17): error TS17004: Cannot use JSX unless the '--jsx' flag is provided.
src/App.tsx(1646,17): error TS17004: Cannot use JSX unless the '--jsx' flag is provided.
src/App.tsx(1653,7): error TS17004: Cannot use JSX unless the '--jsx' flag is provided.
src/App.tsx(1654,9): error TS17004: Cannot use JSX unless the '--jsx' flag is provided.
src/App.tsx(1654,104): error TS17004: Cannot use JSX unless the '--jsx' flag is provided.
src/App.tsx(1655,9): error TS17004: Cannot use JSX unless the '--jsx' flag is provided.
src/App.tsx(1656,9): error TS17004: Cannot use JSX unless the '--jsx' flag is provided.
src/App.tsx(1657,11): error TS17004: Cannot use JSX unless the '--jsx' flag is provided.
src/App.tsx(1658,11): error TS17004: Cannot use JSX unless the '--jsx' flag is provided.
src/App.tsx(1660,9): error TS17004: Cannot use JSX unless the '--jsx' flag is provided.
src/App.tsx(1663,9): error TS17004: Cannot use JSX unless the '--jsx' flag is provided.
src/App.tsx(1664,30): error TS17004: Cannot use JSX unless the '--jsx' flag is provided.
src/App.tsx(1664,55): error TS17004: Cannot use JSX unless the '--jsx' flag is provided.
src/App.tsx(1669,7): error TS17004: Cannot use JSX unless the '--jsx' flag is provided.
src/App.tsx(1670,9): error TS17004: Cannot use JSX unless the '--jsx' flag is provided.
src/App.tsx(1670,104): error TS17004: Cannot use JSX unless the '--jsx' flag is provided.
src/App.tsx(1671,9): error TS17004: Cannot use JSX unless the '--jsx' flag is provided.
src/App.tsx(1672,27): error TS17004: Cannot use JSX unless the '--jsx' flag is provided.
src/App.tsx(1673,13): error TS17004: Cannot use JSX unless the '--jsx' flag is provided.
src/App.tsx(1674,15): error TS17004: Cannot use JSX unless the '--jsx' flag is provided.
src/App.tsx(1675,15): error TS17004: Cannot use JSX unless the '--jsx' flag is provided.
src/App.tsx(1676,22): error TS17004: Cannot use JSX unless the '--jsx' flag is provided.
src/App.tsx(1677,19): error TS17004: Cannot use JSX unless the '--jsx' flag is provided.
src/App.tsx(1678,20): error TS17004: Cannot use JSX unless the '--jsx' flag is provided.
src/App.tsx(1684,7): error TS17004: Cannot use JSX unless the '--jsx' flag is provided.
src/App.tsx(1685,7): error TS17004: Cannot use JSX unless the '--jsx' flag is provided.
src/App.tsx(1686,9): error TS17004: Cannot use JSX unless the '--jsx' flag is provided.
src/App.tsx(1690,7): error TS17004: Cannot use JSX unless the '--jsx' flag is provided.
src/App.tsx(1691,9): error TS17004: Cannot use JSX unless the '--jsx' flag is provided.
src/App.tsx(1692,11): error TS17004: Cannot use JSX unless the '--jsx' flag is provided.
src/App.tsx(1692,106): error TS17004: Cannot use JSX unless the '--jsx' flag is provided.
src/App.tsx(1693,11): error TS17004: Cannot use JSX unless the '--jsx' flag is provided.
src/App.tsx(1699,15): error TS17004: Cannot use JSX unless the '--jsx' flag is provided.
src/App.tsx(1700,17): error TS17004: Cannot use JSX unless the '--jsx' flag is provided.
src/App.tsx(1701,17): error TS17004: Cannot use JSX unless the '--jsx' flag is provided.
src/App.tsx(1710,9): error TS17004: Cannot use JSX unless the '--jsx' flag is provided.
src/App.tsx(1711,11): error TS17004: Cannot use JSX unless the '--jsx' flag is provided.
src/App.tsx(1712,13): error TS17004: Cannot use JSX unless the '--jsx' flag is provided.
src/App.tsx(1713,15): error TS17004: Cannot use JSX unless the '--jsx' flag is provided.
src/App.tsx(1715,13): error TS17004: Cannot use JSX unless the '--jsx' flag is provided.
src/App.tsx(1717,15): error TS17004: Cannot use JSX unless the '--jsx' flag is provided.
src/App.tsx(1719,13): error TS17004: Cannot use JSX unless the '--jsx' flag is provided.
src/App.tsx(1721,11): error TS17004: Cannot use JSX unless the '--jsx' flag is provided.
src/App.tsx(1722,13): error TS17004: Cannot use JSX unless the '--jsx' flag is provided.
src/App.tsx(1723,15): error TS17004: Cannot use JSX unless the '--jsx' flag is provided.
src/App.tsx(1725,13): error TS17004: Cannot use JSX unless the '--jsx' flag is provided.
src/App.tsx(1727,15): error TS17004: Cannot use JSX unless the '--jsx' flag is provided.
src/App.tsx(1729,13): error TS17004: Cannot use JSX unless the '--jsx' flag is provided.
src/App.tsx(1735,7): error TS17004: Cannot use JSX unless the '--jsx' flag is provided.
src/App.tsx(1736,9): error TS17004: Cannot use JSX unless the '--jsx' flag is provided.
src/App.tsx(1736,104): error TS17004: Cannot use JSX unless the '--jsx' flag is provided.
src/App.tsx(1737,9): error TS17004: Cannot use JSX unless the '--jsx' flag is provided.
src/App.tsx(1739,13): error TS17004: Cannot use JSX unless the '--jsx' flag is provided.
src/App.tsx(1744,17): error TS17004: Cannot use JSX unless the '--jsx' flag is provided.
src/App.tsx(1753,9): error TS17004: Cannot use JSX unless the '--jsx' flag is provided.
src/App.tsx(1757,7): error TS17004: Cannot use JSX unless the '--jsx' flag is provided.
src/App.tsx(1758,9): error TS17004: Cannot use JSX unless the '--jsx' flag is provided.
src/App.tsx(1759,11): error TS17004: Cannot use JSX unless the '--jsx' flag is provided.
src/App.tsx(1760,13): error TS17004: Cannot use JSX unless the '--jsx' flag is provided.
src/App.tsx(1760,14): error TS2304: Cannot find name 'Terminal'.
src/App.tsx(1762,11): error TS17004: Cannot use JSX unless the '--jsx' flag is provided.
src/App.tsx(1764,9): error TS17004: Cannot use JSX unless the '--jsx' flag is provided.
src/App.tsx(1769,13): error TS17004: Cannot use JSX unless the '--jsx' flag is provided.
src/App.tsx(1772,15): error TS17004: Cannot use JSX unless the '--jsx' flag is provided.
src/App.tsx(1773,17): error TS17004: Cannot use JSX unless the '--jsx' flag is provided.
src/App.tsx(1776,17): error TS17004: Cannot use JSX unless the '--jsx' flag is provided.
src/App.tsx(1777,17): error TS17004: Cannot use JSX unless the '--jsx' flag is provided.
src/App.tsx(1778,17): error TS17004: Cannot use JSX unless the '--jsx' flag is provided.
src/App.tsx(1786,7): error TS17004: Cannot use JSX unless the '--jsx' flag is provided.
src/App.tsx(1787,9): error TS17004: Cannot use JSX unless the '--jsx' flag is provided.
src/App.tsx(1788,11): error TS17004: Cannot use JSX unless the '--jsx' flag is provided.
src/App.tsx(1790,9): error TS17004: Cannot use JSX unless the '--jsx' flag is provided.
src/App.tsx(1791,11): error TS17004: Cannot use JSX unless the '--jsx' flag is provided.
src/App.tsx(1797,11): error TS17004: Cannot use JSX unless the '--jsx' flag is provided.
src/App.tsx(1803,11): error TS17004: Cannot use JSX unless the '--jsx' flag is provided.
src/App.tsx(1809,11): error TS17004: Cannot use JSX unless the '--jsx' flag is provided.
src/App.tsx(1817,9): error TS17004: Cannot use JSX unless the '--jsx' flag is provided.
src/App.tsx(1818,11): error TS17004: Cannot use JSX unless the '--jsx' flag is provided.
src/App.tsx(1819,13): error TS17004: Cannot use JSX unless the '--jsx' flag is provided.
src/App.tsx(1820,15): error TS17004: Cannot use JSX unless the '--jsx' flag is provided.
src/App.tsx(1821,17): error TS17004: Cannot use JSX unless the '--jsx' flag is provided.
src/App.tsx(1822,17): error TS17004: Cannot use JSX unless the '--jsx' flag is provided.
src/App.tsx(1823,17): error TS17004: Cannot use JSX unless the '--jsx' flag is provided.
src/App.tsx(1824,17): error TS17004: Cannot use JSX unless the '--jsx' flag is provided.
src/App.tsx(1825,17): error TS17004: Cannot use JSX unless the '--jsx' flag is provided.
src/App.tsx(1826,17): error TS17004: Cannot use JSX unless the '--jsx' flag is provided.
src/App.tsx(1829,13): error TS17004: Cannot use JSX unless the '--jsx' flag is provided.
src/App.tsx(1831,17): error TS17004: Cannot use JSX unless the '--jsx' flag is provided.
src/App.tsx(1832,19): error TS17004: Cannot use JSX unless the '--jsx' flag is provided.
src/App.tsx(1838,19): error TS17004: Cannot use JSX unless the '--jsx' flag is provided.
src/App.tsx(1839,21): error TS17004: Cannot use JSX unless the '--jsx' flag is provided.
src/App.tsx(1840,21): error TS17004: Cannot use JSX unless the '--jsx' flag is provided.
src/App.tsx(1841,21): error TS17004: Cannot use JSX unless the '--jsx' flag is provided.
src/App.tsx(1842,21): error TS17004: Cannot use JSX unless the '--jsx' flag is provided.
src/App.tsx(1843,21): error TS17004: Cannot use JSX unless the '--jsx' flag is provided.
src/App.tsx(1844,21): error TS17004: Cannot use JSX unless the '--jsx' flag is provided.
src/App.tsx(1934,5): error TS17004: Cannot use JSX unless the '--jsx' flag is provided.
src/App.tsx(1935,7): error TS17004: Cannot use JSX unless the '--jsx' flag is provided.
src/App.tsx(1936,9): error TS17004: Cannot use JSX unless the '--jsx' flag is provided.
src/App.tsx(1937,11): error TS17004: Cannot use JSX unless the '--jsx' flag is provided.
src/App.tsx(1939,9): error TS17004: Cannot use JSX unless the '--jsx' flag is provided.
src/App.tsx(1942,7): error TS17004: Cannot use JSX unless the '--jsx' flag is provided.
src/App.tsx(1943,9): error TS17004: Cannot use JSX unless the '--jsx' flag is provided.
src/App.tsx(1944,11): error TS17004: Cannot use JSX unless the '--jsx' flag is provided.
src/App.tsx(1945,11): error TS17004: Cannot use JSX unless the '--jsx' flag is provided.
src/App.tsx(1953,9): error TS17004: Cannot use JSX unless the '--jsx' flag is provided.
src/App.tsx(1954,11): error TS17004: Cannot use JSX unless the '--jsx' flag is provided.
src/App.tsx(1955,11): error TS17004: Cannot use JSX unless the '--jsx' flag is provided.
src/App.tsx(1960,13): error TS17004: Cannot use JSX unless the '--jsx' flag is provided.
src/App.tsx(1962,15): error TS17004: Cannot use JSX unless the '--jsx' flag is provided.
src/App.tsx(1969,11): error TS17004: Cannot use JSX unless the '--jsx' flag is provided.
src/App.tsx(1982,9): error TS17004: Cannot use JSX unless the '--jsx' flag is provided.
src/App.tsx(1984,9): error TS17004: Cannot use JSX unless the '--jsx' flag is provided.
src/App.tsx(1985,11): error TS17004: Cannot use JSX unless the '--jsx' flag is provided.
src/App.tsx(1986,11): error TS17004: Cannot use JSX unless the '--jsx' flag is provided.
src/App.tsx(1989,9): error TS17004: Cannot use JSX unless the '--jsx' flag is provided.
src/App.tsx(1990,11): error TS17004: Cannot use JSX unless the '--jsx' flag is provided.
src/App.tsx(1991,13): error TS17004: Cannot use JSX unless the '--jsx' flag is provided.
src/App.tsx(1992,15): error TS17004: Cannot use JSX unless the '--jsx' flag is provided.
src/App.tsx(1993,17): error TS17004: Cannot use JSX unless the '--jsx' flag is provided.
src/App.tsx(1994,19): error TS17004: Cannot use JSX unless the '--jsx' flag is provided.
src/App.tsx(1995,19): error TS17004: Cannot use JSX unless the '--jsx' flag is provided.
src/App.tsx(1996,19): error TS17004: Cannot use JSX unless the '--jsx' flag is provided.
src/App.tsx(1997,19): error TS17004: Cannot use JSX unless the '--jsx' flag is provided.
src/App.tsx(1998,19): error TS17004: Cannot use JSX unless the '--jsx' flag is provided.
src/App.tsx(1999,19): error TS17004: Cannot use JSX unless the '--jsx' flag is provided.
src/App.tsx(2000,19): error TS17004: Cannot use JSX unless the '--jsx' flag is provided.
src/App.tsx(2003,15): error TS17004: Cannot use JSX unless the '--jsx' flag is provided.
src/App.tsx(2005,19): error TS17004: Cannot use JSX unless the '--jsx' flag is provided.
src/App.tsx(2006,21): error TS17004: Cannot use JSX unless the '--jsx' flag is provided.
src/App.tsx(2007,21): error TS17004: Cannot use JSX unless the '--jsx' flag is provided.
src/App.tsx(2008,21): error TS17004: Cannot use JSX unless the '--jsx' flag is provided.
src/App.tsx(2009,21): error TS17004: Cannot use JSX unless the '--jsx' flag is provided.
src/App.tsx(2009,78): error TS5076: '||' and '??' operations cannot be mixed without parentheses.
src/App.tsx(2010,21): error TS17004: Cannot use JSX unless the '--jsx' flag is provided.
src/App.tsx(2011,21): error TS17004: Cannot use JSX unless the '--jsx' flag is provided.
src/App.tsx(2012,21): error TS17004: Cannot use JSX unless the '--jsx' flag is provided.
src/App.tsx(2060,5): error TS17004: Cannot use JSX unless the '--jsx' flag is provided.
src/App.tsx(2061,7): error TS17004: Cannot use JSX unless the '--jsx' flag is provided.
src/App.tsx(2063,9): error TS17004: Cannot use JSX unless the '--jsx' flag is provided.
src/App.tsx(2064,11): error TS17004: Cannot use JSX unless the '--jsx' flag is provided.
src/App.tsx(2065,13): error TS17004: Cannot use JSX unless the '--jsx' flag is provided.
src/App.tsx(2067,11): error TS17004: Cannot use JSX unless the '--jsx' flag is provided.
src/App.tsx(2068,13): error TS17004: Cannot use JSX unless the '--jsx' flag is provided.
src/App.tsx(2069,13): error TS17004: Cannot use JSX unless the '--jsx' flag is provided.
src/App.tsx(2071,11): error TS17004: Cannot use JSX unless the '--jsx' flag is provided.
src/App.tsx(2071,36): error TS17004: Cannot use JSX unless the '--jsx' flag is provided.
src/App.tsx(2076,11): error TS17004: Cannot use JSX unless the '--jsx' flag is provided.
src/App.tsx(2077,13): error TS17004: Cannot use JSX unless the '--jsx' flag is provided.
src/App.tsx(2078,13): error TS17004: Cannot use JSX unless the '--jsx' flag is provided.
src/App.tsx(2079,13): error TS17004: Cannot use JSX unless the '--jsx' flag is provided.
src/App.tsx(2080,13): error TS17004: Cannot use JSX unless the '--jsx' flag is provided.
src/App.tsx(2084,15): error TS17004: Cannot use JSX unless the '--jsx' flag is provided.
src/App.tsx(2090,9): error TS17004: Cannot use JSX unless the '--jsx' flag is provided.
src/App.tsx(2092,13): error TS17004: Cannot use JSX unless the '--jsx' flag is provided.
src/App.tsx(2095,15): error TS17004: Cannot use JSX unless the '--jsx' flag is provided.
src/App.tsx(2102,9): error TS17004: Cannot use JSX unless the '--jsx' flag is provided.
src/App.tsx(2103,11): error TS17004: Cannot use JSX unless the '--jsx' flag is provided.
src/App.tsx(2104,11): error TS17004: Cannot use JSX unless the '--jsx' flag is provided.
src/App.tsx(2109,13): error TS17004: Cannot use JSX unless the '--jsx' flag is provided.
src/App.tsx(2111,11): error TS17004: Cannot use JSX unless the '--jsx' flag is provided.
src/App.tsx(2113,13): error TS17004: Cannot use JSX unless the '--jsx' flag is provided.
src/App.tsx(2118,7): error TS17004: Cannot use JSX unless the '--jsx' flag is provided.
src/App.tsx(2119,9): error TS17004: Cannot use JSX unless the '--jsx' flag is provided.
src/App.tsx(2120,11): error TS17004: Cannot use JSX unless the '--jsx' flag is provided.
src/App.tsx(2128,38): error TS17004: Cannot use JSX unless the '--jsx' flag is provided.
src/App.tsx(2129,34): error TS17004: Cannot use JSX unless the '--jsx' flag is provided.
src/App.tsx(2130,37): error TS17004: Cannot use JSX unless the '--jsx' flag is provided.
src/App.tsx(2131,37): error TS17004: Cannot use JSX unless the '--jsx' flag is provided.
src/App.tsx(2132,39): error TS17004: Cannot use JSX unless the '--jsx' flag is provided.
src/App.tsx(2133,41): error TS17004: Cannot use JSX unless the '--jsx' flag is provided.
src/App.tsx(2134,38): error TS17004: Cannot use JSX unless the '--jsx' flag is provided.
src/App.tsx(2135,34): error TS17004: Cannot use JSX unless the '--jsx' flag is provided.
src/App.tsx(2136,36): error TS17004: Cannot use JSX unless the '--jsx' flag is provided.
src/App.tsx(2137,34): error TS17004: Cannot use JSX unless the '--jsx' flag is provided.
src/App.tsx(2138,33): error TS17004: Cannot use JSX unless the '--jsx' flag is provided.
src/App.tsx(2139,37): error TS17004: Cannot use JSX unless the '--jsx' flag is provided.
src/App.tsx(2155,5): error TS17004: Cannot use JSX unless the '--jsx' flag is provided.
src/App.tsx(2156,7): error TS17004: Cannot use JSX unless the '--jsx' flag is provided.
src/App.tsx(2158,11): error TS17004: Cannot use JSX unless the '--jsx' flag is provided.
src/App.tsx(2159,13): error TS17004: Cannot use JSX unless the '--jsx' flag is provided.
src/App.tsx(2162,11): error TS17004: Cannot use JSX unless the '--jsx' flag is provided.
src/App.tsx(2163,13): error TS17004: Cannot use JSX unless the '--jsx' flag is provided.
src/App.tsx(2166,11): error TS17004: Cannot use JSX unless the '--jsx' flag is provided.
src/App.tsx(2167,13): error TS17004: Cannot use JSX unless the '--jsx' flag is provided.
